// Jest Snapshot v1, https://goo.gl/fbAQLP

exports[`Edit Book Container should render correctly 1`] = `undefined`;
